npm warn Unknown env config "devdir". This will stop working in the next major version of npm.

> solid-protocol-e2e@0.1.0 backfill-issuer-tree
> tsx scripts/backfill_issuer_tree.ts

SolID Protocol -- issuer-tree backfill (ADR-0014)
==================================================
RPC:    http://127.0.0.1:8899
Wallet: 56cch2JpqChmm8ufqorRHGB2jbXs88drjPnQbBE2MDEe
Tree:   depth=16 buffer=64 canopy=0
Binding PDA:        ExJ2PLDf8qrDxYsYRJbuKNTJ38xPxt1USJpe7cdfgL6h
TreeAuthority PDA:  Dr8gCiXud8iab1qDnjDDhuKXLYVA7btkNoPWZH4MbTt9

[1/4] Creating SPL AC tree account
   ok (tree=A3bmu3KAP5Gkcw87xCnY6vZhpqetwXdxLreUeDkX7ARR, size=35960b, rent=0.2512 SOL)

[2a/4] spl_account_compression::init_empty_merkle_tree
   ok

[2b/4] spl_account_compression::transfer_authority -> tree_authority_pda
   ok

[3/4] initialize_issuer_tree_binding
   ok

[4/4] enrolling approved issuers
   0 approved issuer(s)

Done.
  issuer_tree         : A3bmu3KAP5Gkcw87xCnY6vZhpqetwXdxLreUeDkX7ARR
  issuer_tree_binding : ExJ2PLDf8qrDxYsYRJbuKNTJ38xPxt1USJpe7cdfgL6h
  enrolled issuers    : 0
