npm warn Unknown env config "devdir". This will stop working in the next major version of npm.

> solid-protocol-e2e@0.1.0 bootstrap-issuer
> tsx scripts/bootstrap_issuer.ts

SolID Protocol -- issuer-approval bootstrap
===========================================
Wallet: 56cch2JpqChmm8ufqorRHGB2jbXs88drjPnQbBE2MDEe
RPC:    http://127.0.0.1:8899

[1/8] Governance mint
   candidate (cached state) EQ9hdXx35Y9rQVqeV7ttvP5dcSttNBVX1qbowdBQWSeq

[2/8] initialize_registry
   ok (already active)

[3/8] register_issuer
   sec-048 off-chain subgroup check: ok
   ok (issuer=Dk2CtpmuH7mTsw5iZbAhVvAWnpzd1vpiPrnRuvfHZAt8)

[4/8] stake_tokens (voter = wallet)
   ok (staked 1000000000)

[5/8] waiting 100 slots for flash-loan cool-off...
   ok

[6/8] vote_on_issuer
   ok (voted APPROVE)

[7/8] waiting for voting period to end...
   ok

[8/8] finalize_voting
   ok

[8b/10] append_issuer_leaf
   ok (leaf appended; binding=ExJ2PLDf8qrDxYsYRJbuKNTJ38xPxt1USJpe7cdfgL6h)
   ok (binding root updated to 0x685fdf0c4cea3382...)

[9/10] persisting state

Done. Summary:
  issuer_account     : Dk2CtpmuH7mTsw5iZbAhVvAWnpzd1vpiPrnRuvfHZAt8
  issuer_authority   : BDwNpMff8hfa8psKQ7NRd5jxukN3tZyT9PQ4CCc9vn6o
  stake_vault        : CQgHHoHWF9W6SAJynNLTtFzGWs8LGCuoBV4V8PXhZPy2
  governance_mint    : EQ9hdXx35Y9rQVqeV7ttvP5dcSttNBVX1qbowdBQWSeq
